Rules present in style.css but missing in style_new.css:
   ('rule', '.price-wrapper .display-4', (('color', '#ffffff!important'), ('font-size', '72px'), ('font-weight', '800'), ('line-height', '1')))
   ('rule', '.about-image-wrapper .card.position-absolute', (('animation', 'floatSmall 4s ease-in-out infinite'), ('border-radius', '18px'), ('box-shadow', '0 20px 45px rgba(0,0,0,.15)')))
   ('rule', '.pricing-card.shadow-lg h3, .pricing-card.shadow-lg h4, .pricing-card.shadow-lg .display-4, .pricing-card.shadow-lg .h4', (('color', '#fff!important'),))
   ('rule', '.product-actions .btn:hover', (('background', 'linear-gradient(135deg, #FF4D30 0%, #FF7A00 100%)'), ('border', 'none'), ('border-radius', '50px'), ('box-shadow', '0 12px 30px rgba(255,77,48,.35)'), ('color', '#fff'), ('font-size', '18px'), ('font-weight', '700'), ('transition', 'all .35s ease')))
   ('rule', '.about-section ul li:hover svg', (('color', '#2563eb!important'), ('transform', 'scale(1.2) rotate(360deg)')))
   ('media', '@media(max-width:991px)', (('.features-section', (('padding', '70px 0'),)), ('.features-section h2', (('font-size', '36px'),)), ('.features-section .card', (('margin-top', '40px'),))))
   ('rule', '.hero-section', (('background', 'radial-gradient(circle at top right, rgba(123,47,247,.30) 0%, transparent 35%), radial-gradient(circle at bottom left, rgba(255,77,48,.22) 0%, transparent 35%), linear-gradient(135deg,#12052E 0%,#22114B 45%,#341A73 100%)'), ('overflow', 'hidden'), ('padding', '60px 0'), ('position', 'relative')))
   ('keyframes', '@keyframes float2', (('0%,100%', (('transform', 'translateY(0)'),)), ('50%', (('transform', 'translateY(-40px)'),))))
   ('rule', '.pricing-card ul', (('border-top', '1px solid rgba(255,255,255,.15)!important'),))
   ('rule', '.about-section', (('background', 'linear-gradient(135deg,#f5f9ff,#eef4ff,#ffffff)'), ('overflow', 'hidden'), ('padding', '100px 0'), ('position', 'relative')))
   ('media', '@media(max-width:768px)', (('.about-section', (('padding', '70px 0'),)), ('.about-section h2', (('font-size', '2rem'),)), ('.about-image-wrapper .card.position-absolute', (('display', 'none!important'),))))
   ('rule', '.pricing-card', (('background', '#fff'), ('border', '1px solid #e8eefc !important'), ('border-radius', '20px'), ('box-shadow', '0 15px 40px rgba(0,0,0,.08)!important'), ('overflow', 'hidden'), ('position', 'relative'), ('transition', '.4s ease')))
   ('rule', '.pricing-card:hover', (('box-shadow', '0 25px 60px rgba(37,99,235,.18)!important'), ('transform', 'translateY(-12px)')))
   ('rule', '.pricing-card ul li svg', (('color', '#3b82f6!important'),))
   ('rule', '.pricing-card', (('background', 'linear-gradient(180deg,#24164F,#1B123D)'), ('border', '1px solid rgba(255,255,255,.08)!important'), ('border-radius', '24px'), ('box-shadow', '0 20px 60px rgba(0,0,0,.15)'), ('transition', '.4s')))
   ('rule', '.services-section::before', (('animation', 'float1 10s ease-in-out infinite'), ('background', 'radial-gradient(circle,#3b82f640 0%,transparent 70%)'), ('border-radius', '50%'), ('content', '""'), ('height', '700px'), ('left', '-200px'), ('position', 'absolute'), ('top', '-250px'), ('width', '700px')))
   ('keyframes', '@keyframes floatCard', (('0%,100%', (('transform', 'translateY(0)'),)), ('50%', (('transform', 'translateY(-12px)'),))))
   ('rule', '.features-section p, .features-section .text-muted, .features-section .small', (('color', '#d6e2f0!important'),))
   ('keyframes', '@keyframes blobTwo', (('0%,100%', (('transform', 'translate(0,0) scale(1)'),)), ('50%', (('transform', 'translate(-40px,-50px) scale(.9)'),))))
   ('rule', '.about-image-wrapper .card.position-absolute .bg-primary', (('background', 'linear-gradient(135deg,#2563eb,#7c3aed)!important'),))
   ('keyframes', '@keyframes rotateCPU', (('100%', (('transform', 'translate(30%,-30%) rotate(360deg)'),)),))
   ('rule', '.popular-products, .team-section', (('background', 'linear-gradient(135deg,#E7ECF7 0%,#DCE3F2 50%,#E9EEFA 100%) !important'),))
   ('rule', '.features-section::before', (('animation', 'blobOne 10s ease-in-out infinite'), ('background', 'linear-gradient(135deg,#38bdf8,#2563eb)'), ('border-radius', '50%'), ('content', '""'), ('filter', 'blur(120px)'), ('height', '500px'), ('left', '-180px'), ('opacity', '.18'), ('position', 'absolute'), ('top', '-150px'), ('width', '500px')))
   ('rule', '.about-image-wrapper .card:first-child', (('border-radius', '22px'), ('box-shadow', '0 25px 60px rgba(37,99,235,.20)'), ('overflow', 'hidden'), ('transition', '.45s')))
   ('rule', '.service-card', (('animation', 'cardReveal .8s forwards'), ('backdrop-filter', 'blur(20px)'), ('background', 'rgba(255,255,255,.75)'), ('border', '1px solid rgba(255,255,255,.6)'), ('border-radius', '22px'), ('box-shadow', '0 20px 50px rgba(0,0,0,.08)'), ('opacity', '0'), ('overflow', 'hidden'), ('padding', '35px'), ('position', 'relative'), ('transform', 'translateY(70px)'), ('transition', '.45s')))
   ('rule', '.pricing-card .badge', (('background', 'linear-gradient(90deg,#2563eb,#22d3ee)!important'), ('border-radius', '30px'), ('color', '#fff!important'), ('padding', '8px 18px')))
   ('rule', '.glow', (('animation', 'pulse 4s infinite'), ('background', 'radial-gradient(circle,#00BFFF66 0%,transparent 70%)'), ('border-radius', '50%'), ('filter', 'blur(60px)'), ('height', '600px'), ('position', 'absolute'), ('width', '600px')))
   ('rule', '.pricing-card .btn-outline-primary:hover', (('background', 'linear-gradient(135deg,#8A2BE2 0%,#A855F7 35%,#FF512F 100%) !important'), ('border', 'none !important'), ('box-shadow', '0 18px 40px rgba(138,43,226,.45)'), ('color', '#fff'), ('transform', 'translateY(-4px)')))
   ('rule', '.service-icon', (('align-items', 'center'), ('background', 'linear-gradient(135deg,#FF512F 0%,#FF7A00 45%,#8A2BE2 100%)'), ('border-radius', '18px'), ('box-shadow', '0 15px 35px rgba(138,43,226,.25)'), ('color', '#fff'), ('display', 'flex'), ('font-size', '32px'), ('height', '75px'), ('justify-content', 'center'), ('transition', '.35s'), ('width', '75px')))
   ('rule', '.about-section .btn', (('background', 'linear-gradient(135deg, #FF4D30 0%, #FF7A00 100%)'), ('border', 'none'), ('border', 'none'), ('border-radius', '12px'), ('border-radius', '50px'), ('box-shadow', '0 12px 30px rgba(255,77,48,.35)'), ('box-shadow', '0 15px 35px rgba(37,99,235,.25)'), ('color', '#fff'), ('font-size', '18px'), ('font-weight', '700'), ('font-weight', '700'), ('padding', '14px 35px'), ('padding', '16px 42px'), ('transition', '.4s'), ('transition', 'all .35s ease')))
   ('rule', '.features-section .card', (('animation', 'floatCard 5s ease-in-out infinite'), ('background', 'linear-gradient(135deg, #6F2CFF 0%, #9A4DFF 35%, #FF4D8D 70%, #FF7A1A 100%)'), ('border', 'none'), ('border-radius', '24px'), ('box-shadow', '0 25px 60px rgba(0,0,0,.35)'), ('overflow', 'hidden'), ('position', 'relative')))
   ('rule', '.about-image-wrapper .card:first-child:hover', (('box-shadow', '0 35px 80px rgba(37,99,235,.35)'), ('transform', 'translateY(-12px)')))
   ('media', '@media(max-width:992px)', (('.hero-title', (('font-size', '46px'),)), ('.robot-wrapper', (('height', '500px'), ('margin-top', '40px'))), ('.robot-img', (('max-width', '100%'), ('width', '480px'))), ('.ring1', (('height', '350px'), ('width', '350px'))), ('.ring2', (('height', '430px'), ('width', '430px'))), ('.glow', (('height', '350px'), ('width', '350px')))))
   ('keyframes', '@keyframes floatSmall', (('0%,100%', (('transform', 'translate(20px,20px)'),)), ('50%', (('transform', 'translate(20px,8px)'),))))
   ('rule', '.pricing-card.shadow-lg ul', (('border-color', 'rgba(255,255,255,.15)!important'),))
   ('rule', '.btn-primary', (('background', 'linear-gradient(135deg, #FF4D30 0%, #FF7A00 100%)'), ('border', 'none'), ('border-radius', '50px'), ('box-shadow', '0 12px 30px rgba(255,77,48,.35)'), ('color', '#fff'), ('font-size', '18px'), ('font-weight', '700'), ('padding', '16px 42px'), ('transition', 'all .35s ease')))
   ('rule', '.price-wrapper .small', (('color', '#dbeafe!important'), ('font-size', '22px')))
   ('rule', '.features-section h2, .features-section h3, .features-section h4, .features-section .text-dark', (('color', '#ffffff!important'),))
   ('rule', '.pricing-card.shadow-lg', (('background', 'linear-gradient(180deg,#24164F,#1B123D) !important'),))
   ('rule', '.about-section .btn:hover', (('box-shadow', '0 25px 45px rgba(37,99,235,.35)'), ('transform', 'translateY(-5px)')))
   ('rule', '.card-header', (('background', 'linear-gradient(90deg,#111827,#1f2937)!important'),))
   ('media', '@media(max-width:992px)', (('.services-section h2', (('font-size', '2.3rem'),)),))
   ('rule', '.features-section .col-sm-6 > div', (('backdrop-filter', 'blur(8px)'), ('background', 'rgba(255,255,255,.06)'), ('border', '1px solid rgba(255,255,255,.08)'), ('border-radius', '16px'), ('height', '100%'), ('padding', '20px'), ('transition', '.4s')))
   ('rule', '.services-section', (('background', 'linear-gradient(135deg,#eef5ff 0%,#f6fbff 40%,#ffffff 100%)'), ('overflow', 'hidden'), ('padding', '90px 0'), ('position', 'relative')))
   ('rule', '.pricing-section p', (('color', '#667085!important'),))
   ('rule', '.pricing-card.shadow-lg p, .pricing-card.shadow-lg span, .pricing-card.shadow-lg li', (('color', 'rgba(255,255,255,.75)!important'),))
   ('rule', '.features-section .card:before', (('animation', 'shine 5s infinite'), ('background', 'linear-gradient(90deg,transparent,rgba(255,255,255,.4),transparent)'), ('content', '""'), ('height', '100%'), ('left', '-120%'), ('position', 'absolute'), ('top', '0'), ('transform', 'skewX(-20deg)'), ('width', '50%')))
   ('rule', '.grid', (('background-image', 'linear-gradient(rgba(255,255,255,.05) 1px, transparent 1px), linear-gradient(90deg, rgba(255,255,255,.05) 1px, transparent 1px)'), ('background-size', '40px 40px'), ('height', '100%'), ('opacity', '.3'), ('position', 'absolute'), ('width', '100%')))
   ('media', '@media(max-width:768px)', (('.services-section', (('padding', '70px 0'),)), ('.services-section h2', (('font-size', '2rem'),)), ('.service-card', (('padding', '30px'),))))
   ('rule', '.ring', (('border', '2px dashed rgba(255,255,255,.2)'), ('border-radius', '50%'), ('position', 'absolute')))
   ('rule', '.hero-title span', (('-webkit-background-clip', 'text'), ('-webkit-text-fill-color', 'transparent'), ('background', 'linear-gradient(90deg,#FF4D30,#FF7A00,#A855F7)'), ('display', 'block')))
   ('rule', '.features-section .card-body', (('background', 'transparent !important'), ('border-radius', '16px'), ('margin', '20px'), ('padding', '35px!important')))
   ('rule', '.pricing-card .badge', (('background', 'linear-gradient(90deg,#2563eb,#06b6d4)!important'), ('border-radius', '30px')))
   ('rule', '.pricing-card::before', (('background', 'linear-gradient(90deg,#2563eb,#06b6d4)'), ('content', '""'), ('height', '5px'), ('left', '0'), ('position', 'absolute'), ('top', '0'), ('width', '100%')))
   ('rule', '.about-section::before', (('animation', 'blob1 12s ease-in-out infinite'), ('background', 'radial-gradient(circle,#2563eb25 0%,transparent 70%)'), ('border-radius', '50%'), ('content', '""'), ('height', '500px'), ('left', '-120px'), ('position', 'absolute'), ('top', '-150px'), ('width', '500px')))
   ('rule', '.about-image-wrapper .bg-primary-subtle', (('background', 'linear-gradient(135deg,#3b82f6,#8b5cf6)!important'), ('opacity', '.15')))
   ('rule', '.features-section .col-sm-6 > div:hover svg', (('color', '#00d9ff!important'), ('transform', 'rotate(360deg) scale(1.2)')))
   ('rule', '.price-wrapper .h4', (('color', '#3b82f6!important'), ('font-size', '22px')))
   ('keyframes', '@keyframes blobOne', (('0%,100%', (('transform', 'translate(0,0) scale(1)'),)), ('50%', (('transform', 'translate(60px,40px) scale(1.2)'),))))
   ('keyframes', '@keyframes float1', (('0%,100%', (('transform', 'translateY(0) rotate(0deg)'),)), ('50%', (('transform', 'translateY(40px) rotate(20deg)'),))))
   ('rule', '.features-section:after', (('animation', 'glow 8s ease-in-out infinite'), ('background', 'radial-gradient(circle,#00d9ff40 0%,transparent 70%)'), ('border-radius', '50%'), ('content', '""'), ('height', '500px'), ('position', 'absolute'), ('right', '-180px'), ('top', '-180px'), ('width', '500px')))
   ('rule', '.features-section .border-end', (('border-color', 'rgba(255,255,255,.15)!important'),))
   ('rule', '.pricing-section h2', (('color', '#1d2939!important'),))
   ('rule', '.service-card:hover', (('box-shadow', '0 35px 60px rgba(59,130,246,.25)'), ('transform', 'translateY(-15px)')))
   ('rule', '.features-section:before', (('animation', 'gridMove 18s linear infinite'), ('background-image', 'linear-gradient(rgba(255,255,255,.05) 1px,transparent 1px), linear-gradient(90deg,rgba(255,255,255,.05) 1px,transparent 1px)'), ('background-size', '40px 40px'), ('content', '""'), ('inset', '0'), ('opacity', '.5'), ('position', 'absolute')))
   ('keyframes', '@keyframes blob1', (('0%,100%', (('transform', 'translateY(0)'),)), ('50%', (('transform', 'translateY(40px)'),))))
   ('rule', '.service-card::after', (('background', 'rgba(37,99,235,.08)'), ('border-radius', '50%'), ('content', '""'), ('height', '180px'), ('position', 'absolute'), ('right', '-80px'), ('top', '-80px'), ('transition', '.5s'), ('width', '180px')))
   ('rule', '.about-section::after', (('animation', 'blob2 10s ease-in-out infinite'), ('background', 'radial-gradient(circle,#7c3aed20 0%,transparent 70%)'), ('border-radius', '50%'), ('bottom', '-180px'), ('content', '""'), ('height', '450px'), ('position', 'absolute'), ('right', '-120px'), ('width', '450px')))
   ('keyframes', '@keyframes floatRobot', (('0%,100%', (('transform', 'translateY(0px) rotate(-2deg)'),)), ('50%', (('transform', 'translateY(-20px) rotate(2deg)'),))))
   ('rule', '.about-section ul li:hover', (('background', '#ffffff'), ('box-shadow', '0 10px 30px rgba(0,0,0,.08)'), ('transform', 'translateX(10px)')))
   ('rule', '.pricing-card .btn-outline-primary', (('background', 'transparent!important'), ('border', '2px solid #2563eb!important'), ('color', '#fff!important')))
   ('keyframes', '@keyframes floatCard', (('0%,100%', (('transform', 'translateY(0)'),)), ('50%', (('transform', 'translateY(-15px)'),))))
   ('keyframes', '@keyframes blob2', (('0%,100%', (('transform', 'translateY(0)'),)), ('50%', (('transform', 'translateY(-40px)'),))))
   ('rule', '.features-section .card h4', (('animation', 'pulse 2s infinite'), ('color', '#38bdf8!important'), ('font-size', '32px')))
   ('rule', '.services-section::after', (('animation', 'float2 12s ease-in-out infinite'), ('background', 'radial-gradient(circle,#8b5cf640 0%,transparent 70%)'), ('border-radius', '50%'), ('bottom', '-180px'), ('content', '""'), ('height', '500px'), ('position', 'absolute'), ('right', '-150px'), ('width', '500px')))
   ('rule', '.pricing-card .btn-primary', (('background', 'linear-gradient(135deg,#FF512F 0%,#FF7A00 55%,#8A2BE2 100%)'), ('border', 'none'), ('border-radius', '14px'), ('box-shadow', '0 12px 30px rgba(255,81,47,.35)'), ('color', '#fff !important'), ('font-size', '20px'), ('font-weight', '700'), ('padding', '18px 45px'), ('transition', '.35s ease')))
   ('rule', '.features-section .text-primary', (('color', '#38bdf8!important'),))
   ('rule', 'section.about-hero , section.contact-hero , .page-template-template-learning-videos section.videos-hero', (('background', 'linear-gradient(135deg, #4B0FA3 0%, #7B2FF7 55%, #A020F0 100%) !important'),))
   ('media', '@media(max-width:992px)', (('.about-section h2', (('font-size', '2.3rem'),)),))
   ('rule', '.features-section .opacity-10', (('animation', 'rotateCPU 25s linear infinite'), ('opacity', '.08!important')))
   ('media', '@media(max-width:991px)', (('.pricing-card.shadow-lg', (('transform', 'none'),)),))
   ('rule', '.robot-img', (('animation', 'floatRobot 5s ease-in-out infinite'), ('filter', 'drop-shadow(0 40px 60px rgba(0,0,0,.5))'), ('max-width', 'none'), ('position', 'relative'), ('width', '600px'), ('z-index', '10')))
   ('rule', '.features-section .col-sm-6 > div:hover', (('background', 'rgba(0,217,255,.12)'), ('border-color', '#00d9ff'), ('box-shadow', '0 15px 35px rgba(0,217,255,.25)'), ('transform', 'translateY(-8px)')))
Rules present in style_new.css but extra (not in style.css):
   ('media', '@media (max-width: 768px)', (('.about-section', (('padding', '70px 0'),)), ('.about-section h2', (('font-size', '2rem'),)), ('.about-image-wrapper .card.position-absolute', (('display', 'none !important'),))))
   ('rule', '.features-section:before', (('animation', 'gridMove 18s linear infinite'), ('background-image', 'linear-gradient(rgba(255, 255, 255, .05) 1px, transparent 1px), linear-gradient(90deg, rgba(255, 255, 255, .05) 1px, transparent 1px)'), ('background-size', '40px 40px'), ('content', '""'), ('inset', '0'), ('opacity', '.5'), ('position', 'absolute')))
   ('rule', '.features-section:after', (('animation', 'glow 8s ease-in-out infinite'), ('background', 'radial-gradient(circle, #00d9ff40 0%, transparent 70%)'), ('border-radius', '50%'), ('content', '""'), ('height', '500px'), ('position', 'absolute'), ('right', '-180px'), ('top', '-180px'), ('width', '500px')))
   ('rule', '.about-section::before', (('animation', 'blob1 12s ease-in-out infinite'), ('background', 'radial-gradient(circle, #2563eb25 0%, transparent 70%)'), ('border-radius', '50%'), ('content', '""'), ('height', '500px'), ('left', '-120px'), ('position', 'absolute'), ('top', '-150px'), ('width', '500px')))
   ('rule', '.pricing-card .btn-outline-primary', (('background', 'transparent !important'), ('border', '2px solid #2563eb !important'), ('color', '#fff !important')))
   ('rule', '.services-section::after', (('animation', 'float2 12s ease-in-out infinite'), ('background', 'radial-gradient(circle, #8b5cf640 0%, transparent 70%)'), ('border-radius', '50%'), ('bottom', '-180px'), ('content', '""'), ('height', '500px'), ('position', 'absolute'), ('right', '-150px'), ('width', '500px')))
   ('keyframes', '@keyframes blobOne', (('0%, 100%', (('transform', 'translate(0, 0) scale(1)'),)), ('50%', (('transform', 'translate(60px, 40px) scale(1.2)'),))))
   ('rule', '.pricing-card ul li svg', (('color', '#3b82f6 !important'),))
   ('rule', '.features-section .card-body', (('background', 'transparent !important'), ('border-radius', '16px'), ('margin', '20px'), ('padding', '35px !important')))
   ('rule', '.about-image-wrapper .bg-primary-subtle', (('background', 'linear-gradient(135deg, #3b82f6, #8b5cf6) !important'), ('opacity', '.15')))
   ('rule', '.btn-primary', (('background', 'linear-gradient(135deg, #FF4D30 0%, #FF7A00 100%)'), ('border', 'none'), ('border-radius', '50px'), ('box-shadow', '0 12px 30px rgba(255, 77, 48, .35)'), ('color', '#fff'), ('font-size', '18px'), ('font-weight', '700'), ('padding', '16px 42px'), ('transition', 'all .35s ease')))
   ('rule', '.features-section .col-sm-6 > div:hover', (('background', 'rgba(0, 217, 255, .12)'), ('border-color', '#00d9ff'), ('box-shadow', '0 15px 35px rgba(0, 217, 255, .25)'), ('transform', 'translateY(-8px)')))
   ('rule', '.about-section .btn:hover', (('box-shadow', '0 25px 45px rgba(37, 99, 235, .35)'), ('transform', 'translateY(-5px)')))
   ('rule', '.features-section .card h4', (('animation', 'pulse 2s infinite'), ('color', '#38bdf8 !important'), ('font-size', '32px')))
   ('media', '@media (max-width: 991px)', (('.pricing-card.shadow-lg', (('transform', 'none'),)),))
   ('rule', '.hero-section', (('background', 'radial-gradient(circle at top right, rgba(123, 47, 247, .30) 0%, transparent 35%), radial-gradient(circle at bottom left, rgba(255, 77, 48, .22) 0%, transparent 35%), linear-gradient(135deg, #12052E 0%, #22114B 45%, #341A73 100%)'), ('overflow', 'hidden'), ('padding', '60px 0'), ('position', 'relative')))
   ('rule', '.product-actions .btn:hover', (('background', 'linear-gradient(135deg, #FF4D30 0%, #FF7A00 100%)'), ('border', 'none'), ('border-radius', '50px'), ('box-shadow', '0 12px 30px rgba(255, 77, 48, .35)'), ('color', '#fff'), ('font-size', '18px'), ('font-weight', '700'), ('transition', 'all .35s ease')))
   ('rule', '.about-image-wrapper .card.position-absolute', (('animation', 'floatSmall 4s ease-in-out infinite'), ('border-radius', '18px'), ('box-shadow', '0 20px 45px rgba(0, 0, 0, .15)')))
   ('rule', '.service-card', (('animation', 'cardReveal .8s forwards'), ('backdrop-filter', 'blur(20px)'), ('background', 'rgba(255, 255, 255, .75)'), ('border', '1px solid rgba(255, 255, 255, .6)'), ('border-radius', '22px'), ('box-shadow', '0 20px 50px rgba(0, 0, 0, .08)'), ('opacity', '0'), ('overflow', 'hidden'), ('padding', '35px'), ('position', 'relative'), ('transform', 'translateY(70px)'), ('transition', '.45s')))
   ('rule', '.pricing-card:hover', (('box-shadow', '0 25px 60px rgba(37, 99, 235, .18) !important'), ('transform', 'translateY(-12px)')))
   ('keyframes', '@keyframes floatRobot', (('0%, 100%', (('transform', 'translateY(0px) rotate(-2deg)'),)), ('50%', (('transform', 'translateY(-20px) rotate(2deg)'),))))
   ('media', '@media (max-width: 992px)', (('.about-section h2', (('font-size', '2.3rem'),)),))
   ('rule', '.pricing-section h2', (('color', '#1d2939 !important'),))
   ('rule', '.service-card:hover', (('box-shadow', '0 35px 60px rgba(59, 130, 246, .25)'), ('transform', 'translateY(-15px)')))
   ('rule', '.about-image-wrapper .card.position-absolute .bg-primary', (('background', 'linear-gradient(135deg, #2563eb, #7c3aed) !important'),))
   ('keyframes', '@keyframes floatSmall', (('0%, 100%', (('transform', 'translate(20px, 20px)'),)), ('50%', (('transform', 'translate(20px, 8px)'),))))
   ('rule', '.features-section .col-sm-6 > div:hover svg', (('color', '#00d9ff !important'), ('transform', 'rotate(360deg) scale(1.2)')))
   ('rule', '.about-section ul li:hover svg', (('color', '#2563eb !important'), ('transform', 'scale(1.2) rotate(360deg)')))
   ('rule', '.hero-title span', (('-webkit-background-clip', 'text'), ('-webkit-text-fill-color', 'transparent'), ('background', 'linear-gradient(90deg, #FF4D30, #FF7A00, #A855F7)'), ('display', 'block')))
   ('rule', '.pricing-card.shadow-lg h3, .pricing-card.shadow-lg h4, .pricing-card.shadow-lg .display-4, .pricing-card.shadow-lg .h4', (('color', '#fff !important'),))
   ('keyframes', '@keyframes floatCard', (('0%, 100%', (('transform', 'translateY(0)'),)), ('50%', (('transform', 'translateY(-12px)'),))))
   ('rule', '.pricing-card .btn-outline-primary:hover', (('background', 'linear-gradient(135deg, #8A2BE2 0%, #A855F7 35%, #FF512F 100%) !important'), ('border', 'none !important'), ('box-shadow', '0 18px 40px rgba(138, 43, 226, .45)'), ('color', '#fff'), ('transform', 'translateY(-4px)')))
   ('rule', '.pricing-card .badge', (('background', 'linear-gradient(90deg, #2563eb, #22d3ee) !important'), ('border-radius', '30px'), ('color', '#fff !important'), ('padding', '8px 18px')))
   ('rule', '.service-icon', (('align-items', 'center'), ('background', 'linear-gradient(135deg, #FF512F 0%, #FF7A00 45%, #8A2BE2 100%)'), ('border-radius', '18px'), ('box-shadow', '0 15px 35px rgba(138, 43, 226, .25)'), ('color', '#fff'), ('display', 'flex'), ('font-size', '32px'), ('height', '75px'), ('justify-content', 'center'), ('transition', '.35s'), ('width', '75px')))
   ('rule', '.ring', (('border', '2px dashed rgba(255, 255, 255, .2)'), ('border-radius', '50%'), ('position', 'absolute')))
   ('rule', '.pricing-card.shadow-lg', (('background', 'linear-gradient(180deg, #24164F, #1B123D) !important'),))
   ('keyframes', '@keyframes float1', (('0%, 100%', (('transform', 'translateY(0) rotate(0deg)'),)), ('50%', (('transform', 'translateY(40px) rotate(20deg)'),))))
   ('rule', '.pricing-card::before', (('background', 'linear-gradient(90deg, #2563eb, #06b6d4)'), ('content', '""'), ('height', '5px'), ('left', '0'), ('position', 'absolute'), ('top', '0'), ('width', '100%')))
   ('rule', '.about-section ul li:hover', (('background', '#ffffff'), ('box-shadow', '0 10px 30px rgba(0, 0, 0, .08)'), ('transform', 'translateX(10px)')))
   ('keyframes', '@keyframes rotateCPU', (('100%', (('transform', 'translate(30%, -30%) rotate(360deg)'),)),))
   ('rule', '.pricing-card.shadow-lg ul', (('border-color', 'rgba(255, 255, 255, .15) !important'),))
   ('rule', '.robot-img', (('animation', 'floatRobot 5s ease-in-out infinite'), ('filter', 'drop-shadow(0 40px 60px rgba(0, 0, 0, .5))'), ('max-width', 'none'), ('position', 'relative'), ('width', '600px'), ('z-index', '10')))
   ('rule', '.about-section::after', (('animation', 'blob2 10s ease-in-out infinite'), ('background', 'radial-gradient(circle, #7c3aed20 0%, transparent 70%)'), ('border-radius', '50%'), ('bottom', '-180px'), ('content', '""'), ('height', '450px'), ('position', 'absolute'), ('right', '-120px'), ('width', '450px')))
   ('rule', '.service-card::after', (('background', 'rgba(37, 99, 235, .08)'), ('border-radius', '50%'), ('content', '""'), ('height', '180px'), ('position', 'absolute'), ('right', '-80px'), ('top', '-80px'), ('transition', '.5s'), ('width', '180px')))
   ('rule', '.glow', (('animation', 'pulse 4s infinite'), ('background', 'radial-gradient(circle, #00BFFF66 0%, transparent 70%)'), ('border-radius', '50%'), ('filter', 'blur(60px)'), ('height', '600px'), ('position', 'absolute'), ('width', '600px')))
   ('rule', '.price-wrapper .h4', (('color', '#3b82f6 !important'), ('font-size', '22px')))
   ('rule', '.about-section .btn', (('background', 'linear-gradient(135deg, #FF4D30 0%, #FF7A00 100%)'), ('border', 'none'), ('border', 'none'), ('border-radius', '12px'), ('border-radius', '50px'), ('box-shadow', '0 12px 30px rgba(255, 77, 48, .35)'), ('box-shadow', '0 15px 35px rgba(37, 99, 235, .25)'), ('color', '#fff'), ('font-size', '18px'), ('font-weight', '700'), ('font-weight', '700'), ('padding', '14px 35px'), ('padding', '16px 42px'), ('transition', '.4s'), ('transition', 'all .35s ease')))
   ('keyframes', '@keyframes blobTwo', (('0%, 100%', (('transform', 'translate(0, 0) scale(1)'),)), ('50%', (('transform', 'translate(-40px, -50px) scale(.9)'),))))
   ('media', '@media (max-width: 991px)', (('.features-section', (('padding', '70px 0'),)), ('.features-section h2', (('font-size', '36px'),)), ('.features-section .card', (('margin-top', '40px'),))))
   ('keyframes', '@keyframes floatCard', (('0%, 100%', (('transform', 'translateY(0)'),)), ('50%', (('transform', 'translateY(-15px)'),))))
   ('keyframes', '@keyframes blob2', (('0%, 100%', (('transform', 'translateY(0)'),)), ('50%', (('transform', 'translateY(-40px)'),))))
   ('rule', '.about-image-wrapper .card:first-child:hover', (('box-shadow', '0 35px 80px rgba(37, 99, 235, .35)'), ('transform', 'translateY(-12px)')))
   ('rule', '.pricing-section p', (('color', '#667085 !important'),))
   ('rule', '.features-section h2, .features-section h3, .features-section h4, .features-section .text-dark', (('color', '#ffffff !important'),))
   ('rule', '.card-header', (('background', 'linear-gradient(90deg, #111827, #1f2937) !important'),))
   ('rule', '.services-section::before', (('animation', 'float1 10s ease-in-out infinite'), ('background', 'radial-gradient(circle, #3b82f640 0%, transparent 70%)'), ('border-radius', '50%'), ('content', '""'), ('height', '700px'), ('left', '-200px'), ('position', 'absolute'), ('top', '-250px'), ('width', '700px')))
   ('rule', '.features-section p, .features-section .text-muted, .features-section .small', (('color', '#d6e2f0 !important'),))
   ('rule', '.price-wrapper .small', (('color', '#dbeafe !important'), ('font-size', '22px')))
   ('rule', '.services-section', (('background', 'linear-gradient(135deg, #eef5ff 0%, #f6fbff 40%, #ffffff 100%)'), ('overflow', 'hidden'), ('padding', '90px 0'), ('position', 'relative')))
   ('media', '@media (max-width: 992px)', (('.hero-title', (('font-size', '46px'),)), ('.robot-wrapper', (('height', '500px'), ('margin-top', '40px'))), ('.robot-img', (('max-width', '100%'), ('width', '480px'))), ('.ring1', (('height', '350px'), ('width', '350px'))), ('.ring2', (('height', '430px'), ('width', '430px'))), ('.glow', (('height', '350px'), ('width', '350px')))))
   ('media', '@media (max-width: 768px)', (('.services-section', (('padding', '70px 0'),)), ('.services-section h2', (('font-size', '2rem'),)), ('.service-card', (('padding', '30px'),))))
   ('rule', '.pricing-card', (('background', 'linear-gradient(180deg, #24164F, #1B123D)'), ('border', '1px solid rgba(255, 255, 255, .08) !important'), ('border-radius', '24px'), ('box-shadow', '0 20px 60px rgba(0, 0, 0, .15)'), ('transition', '.4s')))
   ('rule', '.grid', (('background-image', 'linear-gradient(rgba(255, 255, 255, .05) 1px, transparent 1px), linear-gradient(90deg, rgba(255, 255, 255, .05) 1px, transparent 1px)'), ('background-size', '40px 40px'), ('height', '100%'), ('opacity', '.3'), ('position', 'absolute'), ('width', '100%')))
   ('rule', '.popular-products, .team-section', (('background', 'linear-gradient(135deg, #E7ECF7 0%, #DCE3F2 50%, #E9EEFA 100%) !important'),))
   ('rule', '.features-section .border-end', (('border-color', 'rgba(255, 255, 255, .15) !important'),))
   ('rule', '.pricing-card', (('background', '#fff'), ('border', '1px solid #e8eefc !important'), ('border-radius', '20px'), ('box-shadow', '0 15px 40px rgba(0, 0, 0, .08) !important'), ('overflow', 'hidden'), ('position', 'relative'), ('transition', '.4s ease')))
   ('rule', '.features-section .text-primary', (('color', '#38bdf8 !important'),))
   ('rule', '.features-section .opacity-10', (('animation', 'rotateCPU 25s linear infinite'), ('opacity', '.08 !important')))
   ('rule', '.about-section', (('background', 'linear-gradient(135deg, #f5f9ff, #eef4ff, #ffffff)'), ('overflow', 'hidden'), ('padding', '100px 0'), ('position', 'relative')))
   ('media', '@media (max-width: 992px)', (('.services-section h2', (('font-size', '2.3rem'),)),))
   ('rule', '.features-section .card:before', (('animation', 'shine 5s infinite'), ('background', 'linear-gradient(90deg, transparent, rgba(255, 255, 255, .4), transparent)'), ('content', '""'), ('height', '100%'), ('left', '-120%'), ('position', 'absolute'), ('top', '0'), ('transform', 'skewX(-20deg)'), ('width', '50%')))
   ('keyframes', '@keyframes float2', (('0%, 100%', (('transform', 'translateY(0)'),)), ('50%', (('transform', 'translateY(-40px)'),))))
   ('rule', 'section.about-hero, section.contact-hero, .page-template-template-learning-videos section.videos-hero', (('background', 'linear-gradient(135deg, #4B0FA3 0%, #7B2FF7 55%, #A020F0 100%) !important'),))
   ('rule', '.features-section .card', (('animation', 'floatCard 5s ease-in-out infinite'), ('background', 'linear-gradient(135deg, #6F2CFF 0%, #9A4DFF 35%, #FF4D8D 70%, #FF7A1A 100%)'), ('border', 'none'), ('border-radius', '24px'), ('box-shadow', '0 25px 60px rgba(0, 0, 0, .35)'), ('overflow', 'hidden'), ('position', 'relative')))
   ('rule', '.price-wrapper .display-4', (('color', '#ffffff !important'), ('font-size', '72px'), ('font-weight', '800'), ('line-height', '1')))
   ('rule', '.pricing-card .btn-primary', (('background', 'linear-gradient(135deg, #FF512F 0%, #FF7A00 55%, #8A2BE2 100%)'), ('border', 'none'), ('border-radius', '14px'), ('box-shadow', '0 12px 30px rgba(255, 81, 47, .35)'), ('color', '#fff !important'), ('font-size', '20px'), ('font-weight', '700'), ('padding', '18px 45px'), ('transition', '.35s ease')))
   ('rule', '.features-section::before', (('animation', 'blobOne 10s ease-in-out infinite'), ('background', 'linear-gradient(135deg, #38bdf8, #2563eb)'), ('border-radius', '50%'), ('content', '""'), ('filter', 'blur(120px)'), ('height', '500px'), ('left', '-180px'), ('opacity', '.18'), ('position', 'absolute'), ('top', '-150px'), ('width', '500px')))
   ('rule', '.pricing-card.shadow-lg p, .pricing-card.shadow-lg span, .pricing-card.shadow-lg li', (('color', 'rgba(255, 255, 255, .75) !important'),))
   ('keyframes', '@keyframes blob1', (('0%, 100%', (('transform', 'translateY(0)'),)), ('50%', (('transform', 'translateY(40px)'),))))
   ('rule', '.features-section .col-sm-6 > div', (('backdrop-filter', 'blur(8px)'), ('background', 'rgba(255, 255, 255, .06)'), ('border', '1px solid rgba(255, 255, 255, .08)'), ('border-radius', '16px'), ('height', '100%'), ('padding', '20px'), ('transition', '.4s')))
   ('rule', '.about-image-wrapper .card:first-child', (('border-radius', '22px'), ('box-shadow', '0 25px 60px rgba(37, 99, 235, .20)'), ('overflow', 'hidden'), ('transition', '.45s')))
   ('rule', '.pricing-card ul', (('border-top', '1px solid rgba(255, 255, 255, .15) !important'),))
   ('rule', '.pricing-card .badge', (('background', 'linear-gradient(90deg, #2563eb, #06b6d4) !important'), ('border-radius', '30px')))
